== the Jib image without a cache, and the stand on it
== jibAotTrain: training inside konekt-server-jib on the stand's network
== jibAotVerify: the Jib build with the cache, verified inside it
  entrypoint ["java","-XX:+UnlockDiagnosticVMOptions","-XX:-AOTAdapterCaching","-XX:AOTCache=/app/zavarnik/app.aot","-cp","@/app/jib-classpath-file","io.konekt.ApplicationKt"]
konekt-server-jib:nocache 537MB
konekt-server-jib:latest 614MB
== round 1: konekt-server-jib:nocache, 5 restarts
  image konekt-server-jib:nocache
1,11657,276.3,11.7,65.5,276.3
2,8560,691.9,16.9,73.9,691.9
3,10034,308.8,16.9,84.1,564.5
4,4145,222.5,6.4,68.9,222.5
5,21472,390.2,12.1,74.3,390.2
== round 1: konekt-server-jib:latest, 5 restarts
  image konekt-server-jib:latest
1,1476,102.3,7.2,83.3,102.3
2,2729,159.1,8.4,87.1,159.1
3,1906,96.8,7.5,87.8,96.8
4,2545,164.8,8.2,99.4,164.8
5,2089,182.5,7.8,88.5,182.5
== round 2: konekt-server-jib:nocache, 5 restarts
  image konekt-server-jib:nocache
1,3762,296.0,9.8,72.0,296.0
2,3396,193.6,8.7,72.2,193.6
3,4253,309.8,9.6,82.8,309.8
4,4285,317.5,10.3,80.6,317.5
5,8202,387.9,9.7,80.3,387.9
== round 2: konekt-server-jib:latest, 5 restarts
  image konekt-server-jib:latest
1,1987,87.5,9.2,94.0,104.3
2,2247,183.7,8.8,94.9,183.7
3,2340,170.3,8.7,90.4,170.3
4,2238,187.9,9.0,90.0,187.9
5,2425,192.5,8.6,99.0,192.5
== summary (medians over all rounds; every row is in /home/youndie/.local/state/konekt-measure/aot-jib/coldstart-*.csv)
  nocache  n=10  start_to_healthy_ms=6244  first_ms=309  p50_first100_ms=10  p95_first100_ms=74  healthy: 3396 3762 4145 4253 4285 8202 8560 10034 11657 21472
  latest   n=10  start_to_healthy_ms=2242  first_ms=168  p50_first100_ms=8  p95_first100_ms=90  healthy: 1476 1906 1987 2089 2238 2247 2340 2425 2545 2729
